Resolving dependencies...
Downloading packages...
  _fe_analyzer_shared 93.0.0 (97.0.0 available)
  analyzer 10.0.1 (11.0.0 available)
  flutter_riverpod 3.2.1 (3.3.1 available)
  meta 1.17.0 (1.18.1 available)
  pointycastle 3.9.1 (4.0.0 available)
  source_gen 4.2.0 (4.2.1 available)
  sqlite3 3.1.7 (3.2.0 available)
  wakelock_plus 1.4.0 (1.5.1 available)
  wakelock_plus_platform_interface 1.3.0 (1.4.0 available)
  win32 5.15.0 (6.0.0 available)
Got dependencies!
10 packages have newer versions incompatible with dependency constraints.
Try `flutter pub outdated` for more information.
00:00 +0: loading C:/Users/Reny/Documents/Kumoriya/packages/kumoriya_resolver_anime_nexus/test/test_full_resolver_flow.dart
00:00 +0: Full WS flow via resolver plugin
[1] Initialize resolver plugin...
[2] Call resolve()...
[resolver] [anime-nexus.resolver] resolve start url=https://anime.nexus/watch/019b9e8f-edf6-71a7-87c5-c45f64297245/execution-537a058e13efbfab1729
[resolver] [anime-nexus.resolver] resolve attempt=1 url=https://anime.nexus/watch/019b9e8f-edf6-71a7-87c5-c45f64297245/execution-537a058e13efbfab1729
[resolver] [anime-nexus.builder] build start episodeId=019b9e8f-edf6-71a7-87c5-c45f64297245 videoId=019be6c1-be4d-7149-9cad-45d59f10bedc manifest=https://api.anime.nexus/api/anime/video/019be6c1-be4d-7149-9cad-45d59f10bedc/stream/video.m3u8
[resolver] [anime-nexus.builder] build candidate-hosts hosts=api.anime.nexus,us1.cdn.nexus,us2.cdn.nexus,us3.cdn.nexus,br1.cdn.nexus,eu1.cdn.nexus,in1.cdn.nexus,kr1.cdn.nexus,jp1.cdn.nexus,ml1.cdn.nexus,sg1.cdn.nexus,cl1.cdn.nexus,au1.cdn.nexus streams=3
[resolver] [anime-nexus.resolver] resolve worker-error attempt=1 message=NexusWsException: Anime Nexus auth handshake timed out.
[2] resolve returned: Failure<List<ResolvedStream>, KumoriyaError>
[FAILED] Error: Instance of 'AnimeNexusParseError'
00:14 +1: All tests passed!
